
Allocating common symbols
Common symbol       size              file

pwd_dentry          0x4               kernel/vfs/vfs.o
sched               0x8               kernel/pc/pc.o
MBR                 0x4               kernel/vfs/vfs.o
interrupts          0x20              arch/mips32/intr.o
tasks               0x8               kernel/pc/pc.o
kernel_start_pfn    0x4               kernel/mm/mybuddy.o
dir_data_buf        0x820             kernel/fs/fat/fat.o
cursor_col          0x4               kernel/driver/vga.o
root_dentry         0x4               kernel/vfs/vfs.o
cursor_location     0x4               usr/myvi.o
bootmmmap           0x8000            kernel/mm/mybootmm.o
fat_info            0x418             kernel/fs/fat/fat.o
file_create         0x4150            kernel/fs/fat/usr.o
pidmap              0x20              arch/mips32/intr.o
root_mnt            0x4               kernel/vfs/vfs.o
is_new_file         0x4               usr/myvi.o
syscalls            0x400             kernel/syscall/syscall.o
bmm                 0x90              kernel/mm/mybootmm.o
cursor_row          0x4               kernel/driver/vga.o
page_end            0x4               usr/myvi.o
filename            0x4               usr/myvi.o
ps_buffer_index     0x4               usr/ps.o
pwd_mnt             0x4               kernel/vfs/vfs.o
file                0x4150            usr/exec.o
dcache              0x4               kernel/vfs/vfscache.o
sched_back          0x20              kernel/pc/pc.o
firstusercode_start
                    0x4               kernel/mm/mybootmm.o
filename11          0xd               kernel/fs/fat/fat.o
mode                0x4               usr/myvi.o
pcache              0x4               kernel/vfs/vfscache.o
wait                0x8               kernel/pc/pc.o
buffer              0x1000            usr/myvi.o
mk_dir_buf          0x20              kernel/fs/fat/usr.o
exited              0x8               kernel/pc/pc.o
err                 0x4               usr/myvi.o
new_alloc_empty     0x1000            kernel/fs/fat/fat.o
next_pid            0x4               arch/mips32/intr.o
pre_cursor_freq     0x4               usr/myvi.o
dummy               0x8               kernel/vfs/fat32.o
lk                  0xc               usr/ps.o
exceptions          0x80              arch/mips32/exc.o
kernel_end_pfn      0x4               kernel/mm/mybuddy.o
buddy               0x54              kernel/mm/mybuddy.o
firstusercode_len   0x4               kernel/mm/mybootmm.o
dir_find            0x4150            kernel/fs/fat/dir.o
dummy_address_space
                    0x18              kernel/vfs/fat32.o
fat_buf             0x410             kernel/fs/fat/fat.o
sched_time_cnt      0x10              kernel/pc/pc.o
icache              0x4               kernel/vfs/vfscache.o
pages               0x4               kernel/mm/mybuddy.o
kmalloc_caches      0x150             kernel/mm/myslab.o
ps_buffer           0x40              usr/ps.o

Discarded input sections

 .reginfo       0x0000000000000000       0x18 arch/mips32/start.o
 .reginfo       0x0000000000000000       0x18 arch/mips32/arch.o
 .MIPS.abiflags
                0x0000000000000000       0x18 arch/mips32/arch.o
 .reginfo       0x0000000000000000       0x18 arch/mips32/page.o
 .MIPS.abiflags
                0x0000000000000000       0x18 arch/mips32/page.o
 .reginfo       0x0000000000000000       0x18 arch/mips32/intr.o
 .MIPS.abiflags
                0x0000000000000000       0x18 arch/mips32/intr.o
 .reginfo       0x0000000000000000       0x18 arch/mips32/exc.o
 .MIPS.abiflags
                0x0000000000000000       0x18 arch/mips32/exc.o
 .reginfo       0x0000000000000000       0x18 kernel/time/time.o
 .MIPS.abiflags
                0x0000000000000000       0x18 kernel/time/time.o
 .reginfo       0x0000000000000000       0x18 kernel/syscall/syscall.o
 .MIPS.abiflags
                0x0000000000000000       0x18 kernel/syscall/syscall.o
 .reginfo       0x0000000000000000       0x18 kernel/syscall/syscall4.o
 .MIPS.abiflags
                0x0000000000000000       0x18 kernel/syscall/syscall4.o
 .reginfo       0x0000000000000000       0x18 kernel/driver/ps2.o
 .MIPS.abiflags
                0x0000000000000000       0x18 kernel/driver/ps2.o
 .reginfo       0x0000000000000000       0x18 kernel/driver/vga.o
 .MIPS.abiflags
                0x0000000000000000       0x18 kernel/driver/vga.o
 .reginfo       0x0000000000000000       0x18 kernel/driver/sd.o
 .MIPS.abiflags
                0x0000000000000000       0x18 kernel/driver/sd.o
 .reginfo       0x0000000000000000       0x18 kernel/vm/vm.o
 .MIPS.abiflags
                0x0000000000000000       0x18 kernel/vm/vm.o
 .reginfo       0x0000000000000000       0x18 kernel/vm/tlb.o
 .MIPS.abiflags
                0x0000000000000000       0x18 kernel/vm/tlb.o
 .reginfo       0x0000000000000000       0x18 kernel/fs/fat/dir.o
 .MIPS.abiflags
                0x0000000000000000       0x18 kernel/fs/fat/dir.o
 .reginfo       0x0000000000000000       0x18 kernel/fs/fat/debug.o
 .MIPS.abiflags
                0x0000000000000000       0x18 kernel/fs/fat/debug.o
 .reginfo       0x0000000000000000       0x18 kernel/fs/fat/fat.o
 .MIPS.abiflags
                0x0000000000000000       0x18 kernel/fs/fat/fat.o
 .reginfo       0x0000000000000000       0x18 kernel/fs/fat/usr.o
 .MIPS.abiflags
                0x0000000000000000       0x18 kernel/fs/fat/usr.o
 .reginfo       0x0000000000000000       0x18 kernel/fs/fat/utils.o
 .MIPS.abiflags
                0x0000000000000000       0x18 kernel/fs/fat/utils.o
 .reginfo       0x0000000000000000       0x18 kernel/fs/fscache/fscache.o
 .MIPS.abiflags
                0x0000000000000000       0x18 kernel/fs/fscache/fscache.o
 .reginfo       0x0000000000000000       0x18 kernel/pc/page.o
 .MIPS.abiflags
                0x0000000000000000       0x18 kernel/pc/page.o
 .reginfo       0x0000000000000000       0x18 kernel/pc/switch_ex.o
 .MIPS.abiflags
                0x0000000000000000       0x18 kernel/pc/switch_ex.o
 .reginfo       0x0000000000000000       0x18 kernel/pc/enter_user_pc.o
 .MIPS.abiflags
                0x0000000000000000       0x18 kernel/pc/enter_user_pc.o
 .reginfo       0x0000000000000000       0x18 kernel/pc/pc.o
 .MIPS.abiflags
                0x0000000000000000       0x18 kernel/pc/pc.o
 .reginfo       0x0000000000000000       0x18 kernel/pc/pid.o
 .MIPS.abiflags
                0x0000000000000000       0x18 kernel/pc/pid.o
 .reginfo       0x0000000000000000       0x18 kernel/lock/lock.o
 .MIPS.abiflags
                0x0000000000000000       0x18 kernel/lock/lock.o
 .reginfo       0x0000000000000000       0x18 kernel/vfs/vfscache.o
 .MIPS.abiflags
                0x0000000000000000       0x18 kernel/vfs/vfscache.o
 .reginfo       0x0000000000000000       0x18 kernel/vfs/mount.o
 .MIPS.abiflags
                0x0000000000000000       0x18 kernel/vfs/mount.o
 .reginfo       0x0000000000000000       0x18 kernel/vfs/fat32.o
 .MIPS.abiflags
                0x0000000000000000       0x18 kernel/vfs/fat32.o
 .reginfo       0x0000000000000000       0x18 kernel/vfs/ext2.o
 .MIPS.abiflags
                0x0000000000000000       0x18 kernel/vfs/ext2.o
 .reginfo       0x0000000000000000       0x18 kernel/vfs/open.o
 .MIPS.abiflags
                0x0000000000000000       0x18 kernel/vfs/open.o
 .reginfo       0x0000000000000000       0x18 kernel/vfs/usr.o
 .MIPS.abiflags
                0x0000000000000000       0x18 kernel/vfs/usr.o
 .reginfo       0x0000000000000000       0x18 kernel/vfs/read_write.o
 .MIPS.abiflags
                0x0000000000000000       0x18 kernel/vfs/read_write.o
 .reginfo       0x0000000000000000       0x18 kernel/vfs/utils.o
 .MIPS.abiflags
                0x0000000000000000       0x18 kernel/vfs/utils.o
 .reginfo       0x0000000000000000       0x18 kernel/vfs/vfs.o
 .MIPS.abiflags
                0x0000000000000000       0x18 kernel/vfs/vfs.o
 .reginfo       0x0000000000000000       0x18 kernel/mm/myslab.o
 .MIPS.abiflags
                0x0000000000000000       0x18 kernel/mm/myslab.o
 .reginfo       0x0000000000000000       0x18 kernel/mm/mybuddy.o
 .MIPS.abiflags
                0x0000000000000000       0x18 kernel/mm/mybuddy.o
 .reginfo       0x0000000000000000       0x18 kernel/mm/mybootmm.o
 .MIPS.abiflags
                0x0000000000000000       0x18 kernel/mm/mybootmm.o
 .reginfo       0x0000000000000000       0x18 kernel/init.o
 .MIPS.abiflags
                0x0000000000000000       0x18 kernel/init.o
 .reginfo       0x0000000000000000       0x18 utils/assert.o
 .MIPS.abiflags
                0x0000000000000000       0x18 utils/assert.o
 .reginfo       0x0000000000000000       0x18 utils/log.o
 .MIPS.abiflags
                0x0000000000000000       0x18 utils/log.o
 .reginfo       0x0000000000000000       0x18 utils/utils.o
 .MIPS.abiflags
                0x0000000000000000       0x18 utils/utils.o
 .reginfo       0x0000000000000000       0x18 usr/exec.o
 .MIPS.abiflags
                0x0000000000000000       0x18 usr/exec.o
 .reginfo       0x0000000000000000       0x18 usr/myvi.o
 .MIPS.abiflags
                0x0000000000000000       0x18 usr/myvi.o
 .reginfo       0x0000000000000000       0x18 usr/ls.o
 .MIPS.abiflags
                0x0000000000000000       0x18 usr/ls.o
 .reginfo       0x0000000000000000       0x18 usr/ps.o
 .MIPS.abiflags
                0x0000000000000000       0x18 usr/ps.o

Memory Configuration

Name             Origin             Length             Attributes
*default*        0x0000000000000000 0xffffffffffffffff

Linker script and memory map

                0x0000000080020000                . = 0x80020000

.interp
 *(.interp)

.gnu.version
 *(.gnu.version)

.gnu.version_d
 *(.gnu.version_d)

.gnu.version_r
 *(.gnu.version_r)

.rel.dyn        0x0000000080020000        0x0
 .rel.dyn       0x0000000080020000        0x0 kernel/vfs/vfscache.o

.rel.init
 *(.rel.init)

.rela.init
 *(.rela.init)

.rel.text
 *(.rel.text)
 *(.rel.text.*)
 *(.rel.gnu.linkonce.t*)

.rela.text
 *(.rela.text)
 *(.rela.text.*)
 *(.rela.gnu.linkonce.t*)

.rel.fini
 *(.rel.fini)

.rela.fini
 *(.rela.fini)

.rel.rodata
 *(.rel.rodata)
 *(.rel.rodata.*)
 *(.rel.gnu.linkonce.r*)

.rela.rodata
 *(.rela.rodata)
 *(.rela.rodata.*)
 *(.rela.gnu.linkonce.r*)

.rel.data
 *(.rel.data)
 *(.rel.data.*)
 *(.rel.gnu.linkonce.d*)

.rela.data
 *(.rela.data)
 *(.rela.data.*)
 *(.rela.gnu.linkonce.d*)

.rel.ctors
 *(.rel.ctors)

.rela.ctors
 *(.rela.ctors)

.rel.dtors
 *(.rel.dtors)

.rela.dtors
 *(.rela.dtors)

.rel.got
 *(.rel.got)

.rela.got
 *(.rela.got)

.rel.sdata
 *(.rel.sdata)
 *(.rel.sdata1)
 *(.rel.sdata.*)
 *(.rel.gnu.linkonce.s*)

.rela.sdata
 *(.rela.sdata)
 *(.rela.sdata1)
 *(.rela.sdata.*)
 *(.rela.gnu.linkonce.s*)

.rel.sbss
 *(.rel.sbss)

.rela.sbss
 *(.rela.sbss)

.rel.sdata2
 *(.rel.sdata2)

.rela.sdata2
 *(.rela.sdata2)

.rel.sbss2
 *(.rel.sbss2)

.rela.sbss2
 *(.rela.sbss2)

.rel.bss
 *(.rel.bss)

.rela.bss
 *(.rela.bss)

.rel.plt
 *(.rel.plt)

.rela.plt
 *(.rela.plt)

.plt
 *(.plt)
                0x0000000080000000                . = 0x80000000

.text           0x0000000080000000    0x198f0
                0x0000000080000000                _ftext = .
 *(.text)
 .text          0x0000000080000000     0x1014 arch/mips32/start.o
                0x0000000080000000                exception
                0x00000000800002d0                restore_context
                0x0000000080001000                start
 .text          0x0000000080001014       0x24 arch/mips32/arch.o
                0x0000000080001014                get_phymm_size
 .text          0x0000000080001038       0x60 arch/mips32/page.o
                0x0000000080001038                init_pgtable
 .text          0x0000000080001098      0x1f4 arch/mips32/intr.o
                0x0000000080001098                init_interrupts
                0x00000000800010cc                enable_interrupts
                0x0000000080001108                disable_interrupts
                0x0000000080001148                do_interrupts
                0x0000000080001218                register_interrupt_handler
 .text          0x000000008000128c      0x834 arch/mips32/exc.o
                0x000000008000128c                tlb_refill
                0x0000000080001900                do_exceptions
                0x0000000080001a44                register_exception_handler
                0x0000000080001a94                init_exception
 .text          0x0000000080001ac0      0x4bc kernel/time/time.o
                0x0000000080001ac0                get_time_string
                0x0000000080001dec                system_time_proc
                0x0000000080001ef8                get_time
 .text          0x0000000080001f7c      0x140 kernel/syscall/syscall.o
                0x0000000080001f7c                init_syscall
                0x0000000080001fcc                syscall
                0x000000008000206c                register_syscall
 .text          0x00000000800020bc       0x6c kernel/syscall/syscall4.o
                0x00000000800020bc                syscall4
 .text          0x0000000080002128      0x5c4 kernel/driver/ps2.o
                0x0000000080002128                init_buffer
                0x00000000800021ac                init_ps2
                0x0000000080002204                ps2_handler
                0x00000000800024fc                kernel_getkey
                0x00000000800025ac                kernel_scantoascii
                0x0000000080002650                sleep
                0x000000008000268c                kernel_getchar
 .text          0x00000000800026ec      0x990 kernel/driver/vga.o
                0x00000000800026ec                kernel_set_cursor
                0x000000008000273c                init_vga
                0x000000008000278c                kernel_clear_screen
                0x0000000080002800                kernel_scroll_screen
                0x00000000800028a0                kernel_putchar_at
                0x0000000080002940                kernel_putchar
                0x0000000080002b2c                kernel_puts
                0x0000000080002bb0                kernel_putint
                0x0000000080002d0c                kernel_putintx
                0x0000000080002ddc                kernel_vprintf
                0x0000000080003018                kernel_printf
 .text          0x000000008000307c      0x488 kernel/driver/sd.o
                0x000000008000312c                sd_read_sector_blocking
                0x0000000080003260                sd_write_sector_blocking
                0x000000008000339c                sd_read_block
                0x0000000080003450                sd_write_block
 .text          0x0000000080003504      0xa30 kernel/vm/vm.o
                0x0000000080003504                mm_create
                0x00000000800035bc                mm_delete
                0x0000000080003614                pgd_delete
                0x0000000080003734                find_vma
                0x000000008000381c                find_vma_intersection
                0x0000000080003890                find_vma_and_prev
                0x000000008000393c                get_unmapped_area
                0x0000000080003a84                find_vma_prepare
                0x0000000080003b08                insert_vma_struct
                0x0000000080003bac                do_map
                0x0000000080003c90                do_unmap
                0x0000000080003de8                exit_mmap
                0x0000000080003eb4                is_in_vma
 .text          0x0000000080003f34       0x24 kernel/vm/tlb.o
                0x0000000080003f34                set_tlb_asid
 .text          0x0000000080003f58      0x610 kernel/fs/fat/dir.o
                0x0000000080003f58                fs_open_dir
                0x00000000800041a4                fs_read_dir
 .text          0x0000000080004568        0x0 kernel/fs/fat/debug.o
 .text          0x0000000080004568     0x2d2c kernel/fs/fat/fat.o
                0x0000000080004568                init_fat_info
                0x00000000800048a0                init_fat_buf
                0x000000008000493c                init_dir_buf
                0x00000000800049d8                init_fs
                0x0000000080004a50                write_fat_sector
                0x0000000080004c28                read_fat_sector
                0x0000000080004dfc                fs_next_slash
                0x0000000080005094                fs_cmp_filename
                0x000000008000511c                fs_find
                0x0000000080005620                fs_open
                0x00000000800057b4                fs_fflush
                0x0000000080005928                fs_close
                0x0000000080005acc                fs_read
                0x0000000080005e8c                fs_next_free
                0x0000000080005f5c                fs_alloc
                0x0000000080006144                fs_write
                0x000000008000677c                fs_lseek
                0x00000000800067e8                fs_find_empty_entry
                0x0000000080006b54                fs_create_with_attr
                0x0000000080006fb0                fs_create
                0x0000000080006fec                get_filename
 .text          0x0000000080007294      0x7cc kernel/fs/fat/usr.o
                0x0000000080007294                fs_rm
                0x00000000800073d0                fs_mv
                0x00000000800075d4                fs_mkdir
                0x0000000080007968                fs_cat
 .text          0x0000000080007a60      0x468 kernel/fs/fat/utils.o
                0x0000000080007a60                fs_wa
                0x0000000080007abc                get_entry_filesize
                0x0000000080007afc                get_entry_attr
                0x0000000080007b2c                get_start_cluster
                0x0000000080007b68                get_fat_entry_value
                0x0000000080007c38                fs_modify_fat
                0x0000000080007d7c                cluster_to_fat_entry
                0x0000000080007df8                fs_dataclus2sec
                0x0000000080007e60                fs_sec2dataclus
 .text          0x0000000080007ec8      0xcd8 kernel/fs/fscache/fscache.o
                0x0000000080007ec8                fs_victim_4k
                0x000000008000811c                fs_write_4k
                0x00000000800081d4                fs_read_4k
                0x00000000800083f8                fs_clr_4k
                0x000000008000854c                fs_victim_512
                0x00000000800087a0                fs_write_512
                0x000000008000884c                fs_read_512
                0x0000000080008a60                fs_clr_512
 .text          0x0000000080008ba0      0x2c0 kernel/pc/page.o
                0x0000000080008ba0                do_one_mapping
                0x0000000080008da8                do_mapping
 .text          0x0000000080008e60      0x130 kernel/pc/switch_ex.o
                0x0000000080008e60                switch_ex
                0x0000000080008efc                switch_wa
 .text          0x0000000080008f90       0x1c kernel/pc/enter_user_pc.o
                0x0000000080008f90                enter_new_pc
 .text          0x0000000080008fac     0x2300 kernel/pc/pc.o
                0x0000000080009200                activate_mm
                0x0000000080009240                waitpid
                0x00000000800093c8                wakeup_parent
                0x00000000800094e4                add_wait
                0x0000000080009528                add_exited
                0x000000008000956c                add_task
                0x00000000800095b0                add_sched
                0x00000000800095f4                add_sched_back
                0x0000000080009680                remove_task
                0x00000000800096d4                remove_exited
                0x0000000080009728                remove_sched
                0x000000008000977c                find_in_tasks
                0x0000000080009800                find_in_sched
                0x000000008000992c                task_files_delete
                0x0000000080009ba8                init_pc_list
                0x0000000080009c84                init_pc
                0x0000000080009da4                exec_from_kernel
                0x0000000080009e94                runprog
                0x0000000080009fc4                task_create
                0x000000008000a264                pc_kill
                0x000000008000a3ec                clear_exited
                0x000000008000a498                pc_exit
                0x000000008000a5f4                pc_schedule
                0x000000008000a6c4                find_next_task
                0x000000008000a83c                find_in_sched_back
                0x000000008000a90c                print_sched
                0x000000008000aa30                print_task
                0x000000008000aab0                print_exited
                0x000000008000ab30                print_struct_task
                0x000000008000aba4                print_wait
                0x000000008000ac20                vmprog22
                0x000000008000acd0                vmprog
                0x000000008000adcc                runuserprog
 .text          0x000000008000b2ac      0x320 kernel/pc/pid.o
                0x000000008000b2ac                init_pid
                0x000000008000b320                pid_check
                0x000000008000b3b4                pid_alloc
                0x000000008000b4fc                pid_free
 .text          0x000000008000b5cc      0x148 kernel/lock/lock.o
                0x000000008000b608                init_lock
                0x000000008000b650                lockup
                0x000000008000b6ac                unlock
 .text          0x000000008000b714      0xeac kernel/vfs/vfscache.o
                0x000000008000b8b8                init_cache
                0x000000008000ba40                cache_init
                0x000000008000bb20                cache_is_full
                0x000000008000bb60                dcache_look_up
                0x000000008000bcfc                dcache_add
                0x000000008000bdd8                dcache_put_LRU
                0x000000008000bfa4                icache_look_up
                0x000000008000bfd0                icache_add
                0x000000008000bffc                icache_put_LRU
                0x000000008000c024                pcache_look_up
                0x000000008000c19c                pcache_add
                0x000000008000c278                pcache_put_LRU
                0x000000008000c348                pcache_write_back
                0x000000008000c39c                dget
                0x000000008000c3d8                dput
                0x000000008000c414                release_dentry
                0x000000008000c450                release_inode
                0x000000008000c48c                release_page
                0x000000008000c4dc                __intHash
                0x000000008000c51c                __stringHash
 .text          0x000000008000c5c0      0x2bc kernel/vfs/mount.o
                0x000000008000c5c0                mount_ext2
                0x000000008000c6fc                follow_mount
                0x000000008000c7d8                lookup_mnt
 .text          0x000000008000c87c     0x2694 kernel/vfs/fat32.o
                0x000000008000c96c                init_fat32
                0x000000008000d23c                fat32_delete_inode
                0x000000008000d580                fat32_write_inode
                0x000000008000d970                fat32_inode_lookup
                0x000000008000dfec                fat32_create
                0x000000008000e020                fat32_readdir
                0x000000008000e500                fat32_convert_filename
                0x000000008000ec68                fat32_readpage
                0x000000008000ed68                fat32_writepage
                0x000000008000ee10                fat32_bmap
                0x000000008000ee50                read_fat
 .text          0x000000008000ef10     0x25bc kernel/vfs/ext2.o
                0x000000008000f028                init_ext2
                0x000000008000f740                ext2_delete_inode
                0x0000000080010010                ext2_write_inode
                0x00000000800101d4                ext2_inode_lookup
                0x0000000080010650                ext2_create
                0x0000000080010684                ext2_readdir
                0x0000000080010b14                ext2_readpage
                0x0000000080010c30                ext2_writepage
                0x0000000080010cec                ext2_bmap
                0x0000000080011060                ext2_fill_inode
                0x0000000080011288                ext2_check_inode_bitmap
                0x00000000800113a8                ext2_group_base_sect
 .text          0x00000000800114cc     0x12d8 kernel/vfs/open.o
                0x0000000080011640                vfs_open
                0x00000000800116f8                open_namei
                0x00000000800119a4                __lookup_hash
                0x0000000080011ab8                path_lookup
                0x0000000080011b80                link_path_walk
                0x00000000800120f4                follow_dotdot
                0x0000000080012230                do_lookup
                0x000000008001233c                real_lookup
                0x0000000080012400                dentry_open
                0x000000008001251c                vfs_close
                0x0000000080012580                d_alloc
 .text          0x00000000800127a4      0x5d8 kernel/vfs/usr.o
                0x000000008001281c                vfs_cat
                0x000000008001297c                vfs_cd
                0x0000000080012a20                vfs_ls
                0x0000000080012ca8                vfs_rm
 .text          0x0000000080012d7c      0xbb0 kernel/vfs/read_write.o
                0x0000000080012e6c                vfs_read
                0x0000000080012f20                vfs_write
                0x0000000080012fd4                generic_file_read
                0x0000000080013410                generic_file_write
                0x000000008001386c                generic_file_flush
 .text          0x000000008001392c      0x448 kernel/vfs/utils.o
                0x000000008001392c                read_block
                0x0000000080013974                write_block
                0x00000000800139bc                get_u16
                0x0000000080013a0c                get_u32
                0x0000000080013a78                set_u16
                0x0000000080013ad4                set_u32
                0x0000000080013b58                generic_compare_filename
                0x0000000080013c1c                get_bit
                0x0000000080013c88                set_bit
                0x0000000080013cf8                reset_bit
 .text          0x0000000080013d74      0x324 kernel/vfs/vfs.o
                0x0000000080013d74                init_vfs
                0x0000000080013f5c                vfs_read_MBR
 .text          0x0000000080014098      0xbf4 kernel/mm/myslab.o
                0x00000000800142bc                init_kmem_cpu
                0x00000000800142e8                init_kmem_node
                0x0000000080014338                init_each_slab
                0x00000000800143bc                init_slab
                0x0000000080014454                format_slabpage
                0x0000000080014508                slab_alloc
                0x0000000080014790                slab_free
                0x000000008001494c                get_slab
                0x0000000080014a5c                kmalloc
                0x0000000080014ad4                phy_kmalloc
                0x0000000080014bcc                kfree
 .text          0x0000000080014c8c      0xbfc kernel/mm/mybuddy.o
                0x0000000080014e44                buddy_info
                0x0000000080014f20                init_pages
                0x0000000080015040                init_buddy
                0x00000000800152f4                __free_pages
                0x0000000080015580                __alloc_pages
                0x0000000080015768                alloc_pages
                0x000000008001582c                free_pages
 .text          0x0000000080015888      0xf98 kernel/mm/mybootmm.o
                0x0000000080015888                set_mminfo
                0x00000000800158dc                insert_mminfo
                0x0000000080015be4                split_mminfo
                0x0000000080015dbc                remove_mminfo
                0x0000000080015eb8                init_bootmm
                0x0000000080016008                set_maps
                0x0000000080016080                find_pages
                0x0000000080016268                bootmm_alloc_pages
                0x00000000800163b4                bootmap_info
                0x00000000800164c8                bootmm_free_pages
 .text          0x0000000080016820      0x30c kernel/init.o
                0x0000000080016820                machine_info
                0x00000000800168ac                create_startup_process
                0x0000000080016938                init_kernel
 .text          0x0000000080016b2c       0x5c utils/assert.o
                0x0000000080016b2c                assert
 .text          0x0000000080016b88      0x268 utils/log.o
                0x0000000080016b88                log_level_adv
                0x0000000080016bc4                log_level_rec
                0x0000000080016bfc                log
                0x0000000080016d7c                step
                0x0000000080016dcc                step_reset
 .text          0x0000000080016df0      0x38c utils/utils.o
                0x0000000080016df0                kernel_memcpy
                0x0000000080016e74                kernel_memset
                0x0000000080016ea8                kernel_memset_word
                0x0000000080016f08                kernel_strcmp
                0x0000000080016f90                kernel_strcpy
                0x0000000080016fec                pow
                0x0000000080017068                kernel_cache
                0x00000000800170ac                kernel_serial_puts
                0x0000000080017104                kernel_serial_putc
                0x000000008001713c                is_bound
 .text          0x000000008001717c      0x1d0 usr/exec.o
                0x000000008001717c                exec
 .text          0x000000008001734c     0x1370 usr/myvi.o
                0x00000000800173c4                myvi_init
                0x0000000080017440                to_lower_case
                0x00000000800174a0                mystrcpy
                0x00000000800174fc                load_file
                0x0000000080017714                save_file
                0x0000000080017800                insert_key
                0x00000000800178d0                delete_key
                0x0000000080017964                put_char_on_screen
                0x00000000800179d0                screen_flush
                0x0000000080017dd8                get_key
                0x0000000080017e0c                page_location_last_line
                0x0000000080017ea8                page_location_next_line
                0x0000000080017f3c                cursor_prev_line
                0x0000000080018010                cursor_next_line
                0x00000000800180a8                do_command_mode
                0x00000000800182c4                do_insert_mode
                0x00000000800183d8                do_last_line_mode
                0x00000000800185a4                myvi
 .text          0x00000000800186bc      0x378 usr/ls.o
                0x00000000800186bc                cut_front_blank
                0x0000000080018790                strlen
                0x00000000800187e8                each_param
                0x00000000800188a8                ls
 .text          0x0000000080018a34      0xebc usr/ps.o
                0x0000000080018a34                test_proc
                0x0000000080018aa8                testMem
                0x0000000080018bbc                testMem2
                0x0000000080018be0                test_sync
                0x0000000080018c8c                sync_demo_create
                0x0000000080018cb0                ps
                0x0000000080018efc                parse_cmd
 *(.text.*)
 *(.stub)
 *(.gnu.warning)
 *(.gnu.linkonce.t*)
 *(.mips16.fn.*)
 *(.mips16.call.*)
                0x00000000800198f0                _ecode = .

.init
 *(.init)

.fini
 *(.fini)

.rodata         0x00000000800198f0     0x1165
 *(.rodata)
 .rodata        0x00000000800198f0      0x20c arch/mips32/exc.o
 .rodata        0x0000000080019afc       0x38 kernel/time/time.o
 .rodata        0x0000000080019b34       0x14 kernel/syscall/syscall4.o
 .rodata        0x0000000080019b48       0x14 kernel/driver/vga.o
 .rodata        0x0000000080019b5c       0x1c kernel/vm/vm.o
 .rodata        0x0000000080019b78       0xa7 kernel/fs/fat/fat.o
 *fill*         0x0000000080019c1f        0x1 
 .rodata        0x0000000080019c20       0x18 kernel/fs/fat/usr.o
 .rodata        0x0000000080019c38      0x534 kernel/pc/pc.o
 .rodata        0x000000008001a16c        0x5 kernel/vfs/mount.o
 *fill*         0x000000008001a171        0x3 
 .rodata        0x000000008001a174        0xa kernel/vfs/fat32.o
 *fill*         0x000000008001a17e        0x2 
 .rodata        0x000000008001a180        0xa kernel/vfs/ext2.o
 *fill*         0x000000008001a18a        0x2 
 .rodata        0x000000008001a18c       0x11 kernel/vfs/open.o
 *fill*         0x000000008001a19d        0x3 
 .rodata        0x000000008001a1a0       0x62 kernel/vfs/usr.o
 *fill*         0x000000008001a202        0x2 
 .rodata        0x000000008001a204       0x5e kernel/vfs/vfs.o
 *fill*         0x000000008001a262        0x2 
 .rodata        0x000000008001a264       0x68 kernel/mm/myslab.o
 .rodata        0x000000008001a2cc       0xa4 kernel/mm/mybuddy.o
 .rodata        0x000000008001a370       0xd4 kernel/mm/mybootmm.o
 .rodata        0x000000008001a444      0x133 kernel/init.o
 *fill*         0x000000008001a577        0x1 
 .rodata        0x000000008001a578       0x14 utils/assert.o
 .rodata        0x000000008001a58c       0x78 utils/log.o
 .rodata        0x000000008001a604       0x14 usr/exec.o
 .rodata        0x000000008001a618      0x158 usr/myvi.o
 .rodata        0x000000008001a770       0x38 usr/ls.o
 .rodata        0x000000008001a7a8      0x2ad usr/ps.o
 *(.rodata.*)
 *(.gnu.linkonce.r*)

.MIPS.abiflags  0x000000008001aa58       0x18
 .MIPS.abiflags
                0x000000008001aa58       0x18 arch/mips32/start.o

.rodata1
 *(.rodata1)

.sdata2
 *(.sdata2)

.sbss2
 *(.sbss2)

.sdeinit
 *(.sdeinit)

.sdefini
 *(.sdefini)

.eh_frame
 *(.eh_frame)

.gcc_except_table
 *(.gcc_except_table)

.ctors
 *crt0.o(.ctors)
 *crtbegin.o(.ctors)
 *crtbeginS.o(.ctors)
 *(EXCLUDE_FILE(*crtn.o *crtendS.o *crtend.o) .ctors)
 *(SORT(.ctors.*))
 *(.ctors)

.dtors
 *crt0.o(.dtors)
 *crtbegin.o(.dtors)
 *crtbeginS.o(.dtors)
 *(EXCLUDE_FILE(*crtn.o *crtendS.o *crtend.o) .dtors)
 *(SORT(.dtors.*))
 *(.dtors)

.dynamic
 *(.dynamic)

.dynsym
 *(.dynsym)

.hash
 *(.hash)

.dynstr
 *(.dynstr)
                0x000000008001aa70                __etext = .
                0x000000008001aa70                _etext = .
                [!provide]                        PROVIDE (etext, .)
                0x000000008001aa70                . = ALIGN (0x8)

.data           0x000000008001aa70      0x1d4
                0x000000008001aa70                _fdata = .
 *(.data)
 .data          0x000000008001aa70        0x0 arch/mips32/start.o
 .data          0x000000008001aa70        0x0 arch/mips32/arch.o
 .data          0x000000008001aa70        0x0 arch/mips32/page.o
 .data          0x000000008001aa70        0x0 arch/mips32/intr.o
 .data          0x000000008001aa70        0x0 arch/mips32/exc.o
 .data          0x000000008001aa70        0x0 kernel/time/time.o
 .data          0x000000008001aa70        0x0 kernel/syscall/syscall.o
 .data          0x000000008001aa70        0x0 kernel/syscall/syscall4.o
 .data          0x000000008001aa70      0x100 kernel/driver/ps2.o
                0x000000008001aa70                scantoascii_uppercase
                0x000000008001aaf0                scantoascii_lowercase
 .data          0x000000008001ab70        0x0 kernel/driver/vga.o
 .data          0x000000008001ab70        0x0 kernel/driver/sd.o
 .data          0x000000008001ab70        0x0 kernel/vm/vm.o
 .data          0x000000008001ab70        0x0 kernel/vm/tlb.o
 .data          0x000000008001ab70        0x0 kernel/fs/fat/dir.o
 .data          0x000000008001ab70        0x0 kernel/fs/fat/debug.o
 .data          0x000000008001ab70        0x0 kernel/fs/fat/fat.o
 .data          0x000000008001ab70        0x0 kernel/fs/fat/usr.o
 .data          0x000000008001ab70        0x0 kernel/fs/fat/utils.o
 .data          0x000000008001ab70        0x0 kernel/fs/fscache/fscache.o
 .data          0x000000008001ab70        0x0 kernel/pc/page.o
 .data          0x000000008001ab70        0x0 kernel/pc/switch_ex.o
 .data          0x000000008001ab70        0x0 kernel/pc/enter_user_pc.o
 .data          0x000000008001ab70        0x0 kernel/pc/pc.o
 .data          0x000000008001ab70        0x0 kernel/pc/pid.o
 .data          0x000000008001ab70        0x0 kernel/lock/lock.o
 .data          0x000000008001ab70       0x30 kernel/vfs/vfscache.o
                0x000000008001ab70                dentry_cache_operations
                0x000000008001ab80                inode_cache_operations
                0x000000008001ab90                page_cache_operations
 .data          0x000000008001aba0        0x0 kernel/vfs/mount.o
 .data          0x000000008001aba0       0x2c kernel/vfs/fat32.o
                0x000000008001aba0                fat32_inode_operations
                0x000000008001abb0                fat32_file_operations
                0x000000008001abc0                fat32_address_space_operations
 .data          0x000000008001abcc       0x2c kernel/vfs/ext2.o
                0x000000008001abcc                ext2_inode_operations
                0x000000008001abdc                ext2_file_operations
                0x000000008001abec                ext2_address_space_operations
 .data          0x000000008001abf8        0x0 kernel/vfs/open.o
 .data          0x000000008001abf8        0x0 kernel/vfs/usr.o
 .data          0x000000008001abf8        0x0 kernel/vfs/read_write.o
 .data          0x000000008001abf8        0x0 kernel/vfs/utils.o
 .data          0x000000008001abf8        0x0 kernel/vfs/vfs.o
 .data          0x000000008001abf8       0x30 kernel/mm/myslab.o
 .data          0x000000008001ac28        0x0 kernel/mm/mybuddy.o
 .data          0x000000008001ac28       0x1c kernel/mm/mybootmm.o
                0x000000008001ac28                mem_msg
 .data          0x000000008001ac44        0x0 kernel/init.o
 .data          0x000000008001ac44        0x0 utils/assert.o
 .data          0x000000008001ac44        0x0 utils/log.o
 .data          0x000000008001ac44        0x0 utils/utils.o
 .data          0x000000008001ac44        0x0 usr/exec.o
 .data          0x000000008001ac44        0x0 usr/myvi.o
 .data          0x000000008001ac44        0x0 usr/ls.o
 .data          0x000000008001ac44        0x0 usr/ps.o
 *(.data.*)
 *(.gnu.linkonce.d*)

.data1
 *(.data1)
                0x0000000080022c40                _gp = (ALIGN (0x10) + 0x7ff0)

.got
 *(.got.plt)
 *(.got)

.sdata          0x000000008001ac44       0x74
 *(.sdata)
 .sdata         0x000000008001ac44       0x34 arch/mips32/arch.o
                0x000000008001ac44                CHAR_VRAM
                0x000000008001ac48                GRAPHIC_VRAM
                0x000000008001ac4c                GPIO_SWITCH
                0x000000008001ac50                GPIO_BUTTON
                0x000000008001ac54                GPIO_SEG
                0x000000008001ac58                GPIO_LED
                0x000000008001ac5c                GPIO_PS2_DATA
                0x000000008001ac60                GPIO_PS2_CTRL
                0x000000008001ac64                GPIO_UART_DATA
                0x000000008001ac68                GPIO_UART_CTRL
                0x000000008001ac6c                GPIO_CURSOR
                0x000000008001ac70                VGA_MODE
                0x000000008001ac74                kernel_sp
 .sdata         0x000000008001ac78        0x4 kernel/driver/ps2.o
 .sdata         0x000000008001ac7c       0x18 kernel/driver/vga.o
                0x000000008001ac7c                VGA_CHAR_MAX_ROW
                0x000000008001ac80                VGA_CHAR_MAX_COL
                0x000000008001ac84                VGA_CHAR_ROW
                0x000000008001ac88                VGA_CHAR_COL
                0x000000008001ac8c                cursor_freq
 .sdata         0x000000008001ac94        0x8 kernel/driver/sd.o
 .sdata         0x000000008001ac9c        0xc kernel/vfs/fat32.o
                0x000000008001ac9c                fat32_super_operations
                0x000000008001aca4                fat32_dentry_operations
 .sdata         0x000000008001aca8        0xc kernel/vfs/ext2.o
                0x000000008001aca8                ext2_super_operations
                0x000000008001acb0                ext2_dentry_operations
 .sdata         0x000000008001acb4        0x4 usr/exec.o
                0x000000008001acb4                CACHE_BLOCK_SIZE
 *(.sdata1)
 *(.sdata.*)
 *(.gnu.linkonce.s.*)

.lit8
 *(.lit8)

.lit4
 *(.lit4)
                0x000000008001acb8                . = ALIGN (0x8)
                0x000000008001acb8                _edata = .
                [!provide]                        PROVIDE (edata, .)
                0x000000008001acb8                __bss_start = .
                [!provide]                        PROVIDE (__edata, .)
                0x000000008001acb8                _fbss = .

.sbss           0x000000008001acb8       0xc4
                0x000000008001acb8                __sbss_start = .
                0x000000008001acb8                ___sbss_start = .
 *(.dynsbss)
 *(.sbss)
 .sbss          0x000000008001acb8        0x8 arch/mips32/exc.o
                0x000000008001acb8                count
                0x000000008001acbc                count_2
 .sbss          0x000000008001acc0       0x14 kernel/driver/ps2.o
 .sbss          0x000000008001acd4        0x8 kernel/fs/fat/fat.o
                0x000000008001acd4                fat_clock_head
                0x000000008001acd8                dir_data_clock_head
 .sbss          0x000000008001acdc        0x4 kernel/pc/pc.o
                0x000000008001acdc                current_task
 .sbss          0x000000008001ace0        0x8 utils/log.o
                0x000000008001ace0                gstep
 .sbss          0x000000008001ace8        0xc usr/myvi.o
                0x000000008001ace8                inst_len
                0x000000008001acec                size
                0x000000008001acf0                page_location
 *(.sbss.*)
 *(.scommon)
 .scommon       0x000000008001acf4        0x4 arch/mips32/intr.o
                0x000000008001acf4                next_pid
 .scommon       0x000000008001acf8        0x0 arch/mips32/exc.o
 .scommon       0x000000008001acf8        0x0 kernel/time/time.o
 .scommon       0x000000008001acf8        0x0 kernel/syscall/syscall.o
 .scommon       0x000000008001acf8        0x0 kernel/syscall/syscall4.o
 .scommon       0x000000008001acf8        0x0 kernel/driver/ps2.o
 .scommon       0x000000008001acf8        0x8 kernel/driver/vga.o
                0x000000008001acf8                cursor_col
                0x000000008001acfc                cursor_row
 .scommon       0x000000008001ad00        0x0 kernel/driver/sd.o
 .scommon       0x000000008001ad00        0x0 kernel/vm/vm.o
 .scommon       0x000000008001ad00       0x20 kernel/pc/pc.o
                0x000000008001ad00                sched
                0x000000008001ad08                tasks
                0x000000008001ad10                wait
                0x000000008001ad18                exited
 .scommon       0x000000008001ad20        0x0 kernel/pc/pid.o
 .scommon       0x000000008001ad20        0x0 kernel/lock/lock.o
 .scommon       0x000000008001ad20        0xc kernel/vfs/vfscache.o
                0x000000008001ad20                dcache
                0x000000008001ad24                pcache
                0x000000008001ad28                icache
 .scommon       0x000000008001ad2c        0x8 kernel/vfs/fat32.o
                0x000000008001ad2c                dummy
 .scommon       0x000000008001ad34        0x0 kernel/vfs/ext2.o
 .scommon       0x000000008001ad34       0x14 kernel/vfs/vfs.o
                0x000000008001ad34                pwd_dentry
                0x000000008001ad38                MBR
                0x000000008001ad3c                root_dentry
                0x000000008001ad40                root_mnt
                0x000000008001ad44                pwd_mnt
 .scommon       0x000000008001ad48        0xc kernel/mm/mybuddy.o
                0x000000008001ad48                kernel_start_pfn
                0x000000008001ad4c                kernel_end_pfn
                0x000000008001ad50                pages
 .scommon       0x000000008001ad54        0x8 kernel/mm/mybootmm.o
                0x000000008001ad54                firstusercode_start
                0x000000008001ad58                firstusercode_len
 .scommon       0x000000008001ad5c        0x0 kernel/init.o
 .scommon       0x000000008001ad5c        0x0 usr/exec.o
 .scommon       0x000000008001ad5c       0x1c usr/myvi.o
                0x000000008001ad5c                cursor_location
                0x000000008001ad60                is_new_file
                0x000000008001ad64                page_end
                0x000000008001ad68                filename
                0x000000008001ad6c                mode
                0x000000008001ad70                err
                0x000000008001ad74                pre_cursor_freq
 .scommon       0x000000008001ad78        0x4 usr/ps.o
                0x000000008001ad78                ps_buffer_index
                0x000000008001ad7c                __sbss_end = .
                0x000000008001ad7c                ___sbss_end = .

.bss            0x000000008001ad7c    0x17d40
 *(.dynbss)
 *(.bss)
 .bss           0x000000008001ad7c        0x0 arch/mips32/start.o
 .bss           0x000000008001ad7c        0x0 arch/mips32/arch.o
 .bss           0x000000008001ad7c        0x0 arch/mips32/page.o
 .bss           0x000000008001ad7c        0x0 arch/mips32/intr.o
 .bss           0x000000008001ad7c        0x0 arch/mips32/exc.o
 .bss           0x000000008001ad7c        0x0 kernel/time/time.o
 .bss           0x000000008001ad7c        0x0 kernel/syscall/syscall.o
 .bss           0x000000008001ad7c        0x0 kernel/syscall/syscall4.o
 .bss           0x000000008001ad7c      0x100 kernel/driver/ps2.o
 .bss           0x000000008001ae7c        0x0 kernel/driver/vga.o
 .bss           0x000000008001ae7c        0x0 kernel/driver/sd.o
 .bss           0x000000008001ae7c        0x0 kernel/vm/vm.o
 .bss           0x000000008001ae7c        0x0 kernel/vm/tlb.o
 .bss           0x000000008001ae7c        0x0 kernel/fs/fat/dir.o
 .bss           0x000000008001ae7c        0x0 kernel/fs/fat/debug.o
 .bss           0x000000008001ae7c        0x0 kernel/fs/fat/fat.o
 .bss           0x000000008001ae7c        0x0 kernel/fs/fat/usr.o
 .bss           0x000000008001ae7c        0x0 kernel/fs/fat/utils.o
 .bss           0x000000008001ae7c        0x0 kernel/fs/fscache/fscache.o
 .bss           0x000000008001ae7c        0x0 kernel/pc/page.o
 .bss           0x000000008001ae7c        0x0 kernel/pc/switch_ex.o
 .bss           0x000000008001ae7c        0x0 kernel/pc/enter_user_pc.o
 .bss           0x000000008001ae7c        0x0 kernel/pc/pc.o
 .bss           0x000000008001ae7c        0x0 kernel/pc/pid.o
 .bss           0x000000008001ae7c        0x0 kernel/lock/lock.o
 .bss           0x000000008001ae7c        0x0 kernel/vfs/vfscache.o
 .bss           0x000000008001ae7c        0x0 kernel/vfs/mount.o
 .bss           0x000000008001ae7c        0x0 kernel/vfs/fat32.o
 .bss           0x000000008001ae7c        0x0 kernel/vfs/ext2.o
 .bss           0x000000008001ae7c        0x0 kernel/vfs/open.o
 .bss           0x000000008001ae7c        0x0 kernel/vfs/usr.o
 .bss           0x000000008001ae7c        0x0 kernel/vfs/read_write.o
 .bss           0x000000008001ae7c        0x0 kernel/vfs/utils.o
 .bss           0x000000008001ae7c        0x0 kernel/vfs/vfs.o
 .bss           0x000000008001ae7c        0x0 kernel/mm/myslab.o
 .bss           0x000000008001ae7c        0x0 kernel/mm/mybuddy.o
 .bss           0x000000008001ae7c        0x0 kernel/mm/mybootmm.o
 .bss           0x000000008001ae7c        0x0 kernel/init.o
 .bss           0x000000008001ae7c        0x0 utils/assert.o
 .bss           0x000000008001ae7c        0x0 utils/log.o
 .bss           0x000000008001ae7c        0x0 utils/utils.o
 .bss           0x000000008001ae7c        0x0 usr/exec.o
 .bss           0x000000008001ae7c       0x50 usr/myvi.o
                0x000000008001ae7c                instruction
 .bss           0x000000008001aecc        0x0 usr/ls.o
 .bss           0x000000008001aecc        0x0 usr/ps.o
 *(.bss.*)
 *(COMMON)
 COMMON         0x000000008001aecc       0x40 arch/mips32/intr.o
                0x000000008001aecc                interrupts
                0x000000008001aeec                pidmap
 COMMON         0x000000008001af0c       0x80 arch/mips32/exc.o
                0x000000008001af0c                exceptions
 COMMON         0x000000008001af8c      0x400 kernel/syscall/syscall.o
                0x000000008001af8c                syscalls
 COMMON         0x000000008001b38c     0x4150 kernel/fs/fat/dir.o
                0x000000008001b38c                dir_find
 COMMON         0x000000008001f4dc     0x2058 kernel/fs/fat/fat.o
                0x000000008001f4dc                dir_data_buf
                0x000000008001fcfc                fat_info
                0x0000000080020114                filename11
                0x0000000080020124                new_alloc_empty
                0x0000000080021124                fat_buf
 COMMON         0x0000000080021534     0x4170 kernel/fs/fat/usr.o
                0x0000000080021534                file_create
                0x0000000080025684                mk_dir_buf
 COMMON         0x00000000800256a4       0x30 kernel/pc/pc.o
                0x00000000800256a4                sched_back
                0x00000000800256c4                sched_time_cnt
 COMMON         0x00000000800256d4       0x18 kernel/vfs/fat32.o
                0x00000000800256d4                dummy_address_space
 COMMON         0x00000000800256ec      0x150 kernel/mm/myslab.o
                0x00000000800256ec                kmalloc_caches
 COMMON         0x000000008002583c       0x54 kernel/mm/mybuddy.o
                0x000000008002583c                buddy
 COMMON         0x0000000080025890     0x8090 kernel/mm/mybootmm.o
                0x0000000080025890                bootmmmap
                0x000000008002d890                bmm
 COMMON         0x000000008002d920     0x4150 usr/exec.o
                0x000000008002d920                file
 COMMON         0x0000000080031a70     0x1000 usr/myvi.o
                0x0000000080031a70                buffer
 COMMON         0x0000000080032a70       0x4c usr/ps.o
                0x0000000080032a70                lk
                0x0000000080032a7c                ps_buffer
                0x0000000080032abc                . = ALIGN (0x4)
                0x0000000080032abc                . = ALIGN (0x4)
                0x0000000080032abc                _end = .
                [!provide]                        PROVIDE (__end, .)
                [!provide]                        PROVIDE (end, .)

.stab
 *(.stab)

.stabstr
 *(.stabstr)

.stab.excl
 *(.stab.excl)

.stab.exclstr
 *(.stab.exclstr)

.stab.index
 *(.stab.index)

.stab.indexstr
 *(.stab.indexstr)

.comment        0x0000000000000000       0x88
 *(.comment)
 .comment       0x0000000000000000       0x44 arch/mips32/arch.o
                                         0x45 (size before relaxing)
 .comment       0x0000000000000044       0x45 arch/mips32/page.o
 .comment       0x0000000000000044       0x45 arch/mips32/intr.o
 .comment       0x0000000000000044       0x45 arch/mips32/exc.o
 .comment       0x0000000000000044       0x45 kernel/time/time.o
 .comment       0x0000000000000044       0x45 kernel/syscall/syscall.o
 .comment       0x0000000000000044       0x45 kernel/syscall/syscall4.o
 .comment       0x0000000000000044       0x45 kernel/driver/ps2.o
 .comment       0x0000000000000044       0x45 kernel/driver/vga.o
 .comment       0x0000000000000044       0x45 kernel/driver/sd.o
 .comment       0x0000000000000044       0x45 kernel/vm/vm.o
 .comment       0x0000000000000044       0x45 kernel/fs/fat/dir.o
 .comment       0x0000000000000044       0x45 kernel/fs/fat/debug.o
 .comment       0x0000000000000044       0x44 kernel/fs/fat/fat.o
                                         0x45 (size before relaxing)
 .comment       0x0000000000000088       0x45 kernel/fs/fat/usr.o
 .comment       0x0000000000000088       0x45 kernel/fs/fat/utils.o
 .comment       0x0000000000000088       0x45 kernel/fs/fscache/fscache.o
 .comment       0x0000000000000088       0x45 kernel/pc/page.o
 .comment       0x0000000000000088       0x45 kernel/pc/pc.o
 .comment       0x0000000000000088       0x45 kernel/pc/pid.o
 .comment       0x0000000000000088       0x45 kernel/lock/lock.o
 .comment       0x0000000000000088       0x45 kernel/vfs/vfscache.o
 .comment       0x0000000000000088       0x45 kernel/vfs/mount.o
 .comment       0x0000000000000088       0x45 kernel/vfs/fat32.o
 .comment       0x0000000000000088       0x45 kernel/vfs/ext2.o
 .comment       0x0000000000000088       0x45 kernel/vfs/open.o
 .comment       0x0000000000000088       0x45 kernel/vfs/usr.o
 .comment       0x0000000000000088       0x45 kernel/vfs/read_write.o
 .comment       0x0000000000000088       0x45 kernel/vfs/utils.o
 .comment       0x0000000000000088       0x45 kernel/vfs/vfs.o
 .comment       0x0000000000000088       0x45 kernel/mm/myslab.o
 .comment       0x0000000000000088       0x45 kernel/mm/mybuddy.o
 .comment       0x0000000000000088       0x45 kernel/mm/mybootmm.o
 .comment       0x0000000000000088       0x45 kernel/init.o
 .comment       0x0000000000000088       0x45 utils/assert.o
 .comment       0x0000000000000088       0x45 utils/log.o
 .comment       0x0000000000000088       0x45 utils/utils.o
 .comment       0x0000000000000088       0x45 usr/exec.o
 .comment       0x0000000000000088       0x45 usr/myvi.o
 .comment       0x0000000000000088       0x45 usr/ls.o
 .comment       0x0000000000000088       0x45 usr/ps.o

.gnu.attributes
                0x0000000000000000       0x10
 .gnu.attributes
                0x0000000000000000       0x10 arch/mips32/start.o
 .gnu.attributes
                0x0000000000000010       0x10 arch/mips32/arch.o
 .gnu.attributes
                0x0000000000000020       0x10 arch/mips32/page.o
 .gnu.attributes
                0x0000000000000030       0x10 arch/mips32/intr.o
 .gnu.attributes
                0x0000000000000040       0x10 arch/mips32/exc.o
 .gnu.attributes
                0x0000000000000050       0x10 kernel/time/time.o
 .gnu.attributes
                0x0000000000000060       0x10 kernel/syscall/syscall.o
 .gnu.attributes
                0x0000000000000070       0x10 kernel/syscall/syscall4.o
 .gnu.attributes
                0x0000000000000080       0x10 kernel/driver/ps2.o
 .gnu.attributes
                0x0000000000000090       0x10 kernel/driver/vga.o
 .gnu.attributes
                0x00000000000000a0       0x10 kernel/driver/sd.o
 .gnu.attributes
                0x00000000000000b0       0x10 kernel/vm/vm.o
 .gnu.attributes
                0x00000000000000c0       0x10 kernel/vm/tlb.o
 .gnu.attributes
                0x00000000000000d0       0x10 kernel/fs/fat/dir.o
 .gnu.attributes
                0x00000000000000e0       0x10 kernel/fs/fat/debug.o
 .gnu.attributes
                0x00000000000000f0       0x10 kernel/fs/fat/fat.o
 .gnu.attributes
                0x0000000000000100       0x10 kernel/fs/fat/usr.o
 .gnu.attributes
                0x0000000000000110       0x10 kernel/fs/fat/utils.o
 .gnu.attributes
                0x0000000000000120       0x10 kernel/fs/fscache/fscache.o
 .gnu.attributes
                0x0000000000000130       0x10 kernel/pc/page.o
 .gnu.attributes
                0x0000000000000140       0x10 kernel/pc/switch_ex.o
 .gnu.attributes
                0x0000000000000150       0x10 kernel/pc/enter_user_pc.o
 .gnu.attributes
                0x0000000000000160       0x10 kernel/pc/pc.o
 .gnu.attributes
                0x0000000000000170       0x10 kernel/pc/pid.o
 .gnu.attributes
                0x0000000000000180       0x10 kernel/lock/lock.o
 .gnu.attributes
                0x0000000000000190       0x10 kernel/vfs/vfscache.o
 .gnu.attributes
                0x00000000000001a0       0x10 kernel/vfs/mount.o
 .gnu.attributes
                0x00000000000001b0       0x10 kernel/vfs/fat32.o
 .gnu.attributes
                0x00000000000001c0       0x10 kernel/vfs/ext2.o
 .gnu.attributes
                0x00000000000001d0       0x10 kernel/vfs/open.o
 .gnu.attributes
                0x00000000000001e0       0x10 kernel/vfs/usr.o
 .gnu.attributes
                0x00000000000001f0       0x10 kernel/vfs/read_write.o
 .gnu.attributes
                0x0000000000000200       0x10 kernel/vfs/utils.o
 .gnu.attributes
                0x0000000000000210       0x10 kernel/vfs/vfs.o
 .gnu.attributes
                0x0000000000000220       0x10 kernel/mm/myslab.o
 .gnu.attributes
                0x0000000000000230       0x10 kernel/mm/mybuddy.o
 .gnu.attributes
                0x0000000000000240       0x10 kernel/mm/mybootmm.o
 .gnu.attributes
                0x0000000000000250       0x10 kernel/init.o
 .gnu.attributes
                0x0000000000000260       0x10 utils/assert.o
 .gnu.attributes
                0x0000000000000270       0x10 utils/log.o
 .gnu.attributes
                0x0000000000000280       0x10 utils/utils.o
 .gnu.attributes
                0x0000000000000290       0x10 usr/exec.o
 .gnu.attributes
                0x00000000000002a0       0x10 usr/myvi.o
 .gnu.attributes
                0x00000000000002b0       0x10 usr/ls.o
 .gnu.attributes
                0x00000000000002c0       0x10 usr/ps.o

.mdebug.abi32   0x0000000000000000        0x0
 .mdebug.abi32  0x0000000000000000        0x0 arch/mips32/arch.o
 .mdebug.abi32  0x0000000000000000        0x0 arch/mips32/page.o
 .mdebug.abi32  0x0000000000000000        0x0 arch/mips32/intr.o
 .mdebug.abi32  0x0000000000000000        0x0 arch/mips32/exc.o
 .mdebug.abi32  0x0000000000000000        0x0 kernel/time/time.o
 .mdebug.abi32  0x0000000000000000        0x0 kernel/syscall/syscall.o
 .mdebug.abi32  0x0000000000000000        0x0 kernel/syscall/syscall4.o
 .mdebug.abi32  0x0000000000000000        0x0 kernel/driver/ps2.o
 .mdebug.abi32  0x0000000000000000        0x0 kernel/driver/vga.o
 .mdebug.abi32  0x0000000000000000        0x0 kernel/driver/sd.o
 .mdebug.abi32  0x0000000000000000        0x0 kernel/vm/vm.o
 .mdebug.abi32  0x0000000000000000        0x0 kernel/fs/fat/dir.o
 .mdebug.abi32  0x0000000000000000        0x0 kernel/fs/fat/debug.o
 .mdebug.abi32  0x0000000000000000        0x0 kernel/fs/fat/fat.o
 .mdebug.abi32  0x0000000000000000        0x0 kernel/fs/fat/usr.o
 .mdebug.abi32  0x0000000000000000        0x0 kernel/fs/fat/utils.o
 .mdebug.abi32  0x0000000000000000        0x0 kernel/fs/fscache/fscache.o
 .mdebug.abi32  0x0000000000000000        0x0 kernel/pc/page.o
 .mdebug.abi32  0x0000000000000000        0x0 kernel/pc/pc.o
 .mdebug.abi32  0x0000000000000000        0x0 kernel/pc/pid.o
 .mdebug.abi32  0x0000000000000000        0x0 kernel/lock/lock.o
 .mdebug.abi32  0x0000000000000000        0x0 kernel/vfs/vfscache.o
 .mdebug.abi32  0x0000000000000000        0x0 kernel/vfs/mount.o
 .mdebug.abi32  0x0000000000000000        0x0 kernel/vfs/fat32.o
 .mdebug.abi32  0x0000000000000000        0x0 kernel/vfs/ext2.o
 .mdebug.abi32  0x0000000000000000        0x0 kernel/vfs/open.o
 .mdebug.abi32  0x0000000000000000        0x0 kernel/vfs/usr.o
 .mdebug.abi32  0x0000000000000000        0x0 kernel/vfs/read_write.o
 .mdebug.abi32  0x0000000000000000        0x0 kernel/vfs/utils.o
 .mdebug.abi32  0x0000000000000000        0x0 kernel/vfs/vfs.o
 .mdebug.abi32  0x0000000000000000        0x0 kernel/mm/myslab.o
 .mdebug.abi32  0x0000000000000000        0x0 kernel/mm/mybuddy.o
 .mdebug.abi32  0x0000000000000000        0x0 kernel/mm/mybootmm.o
 .mdebug.abi32  0x0000000000000000        0x0 kernel/init.o
 .mdebug.abi32  0x0000000000000000        0x0 utils/assert.o
 .mdebug.abi32  0x0000000000000000        0x0 utils/log.o
 .mdebug.abi32  0x0000000000000000        0x0 utils/utils.o
 .mdebug.abi32  0x0000000000000000        0x0 usr/exec.o
 .mdebug.abi32  0x0000000000000000        0x0 usr/myvi.o
 .mdebug.abi32  0x0000000000000000        0x0 usr/ls.o
 .mdebug.abi32  0x0000000000000000        0x0 usr/ps.o

.debug
 *(.debug)

.line
 *(.line)

.debug_srcinfo
 *(.debug_srcinfo)

.debug_sfnames
 *(.debug_sfnames)

.debug_aranges
 *(.debug_aranges)

.debug_pubnames
 *(.debug_pubnames)

.debug_info
 *(.debug_info)

.debug_abbrev
 *(.debug_abbrev)

.debug_line
 *(.debug_line)

.debug_frame
 *(.debug_frame)

.debug_str
 *(.debug_str)

.debug_loc
 *(.debug_loc)

.debug_macinfo
 *(.debug_macinfo)

.debug_weaknames
 *(.debug_weaknames)

.debug_funcnames
 *(.debug_funcnames)

.debug_typenames
 *(.debug_typenames)

.debug_varnames
 *(.debug_varnames)

/DISCARD/
 *(.reginfo)

.gptab.sdata
 *(.gptab.data)
 *(.gptab.sdata)

.gptab.sbss
 *(.gptab.bss)
 *(.gptab.sbss)

.pdr            0x0000000000000000     0x2ae0
 *(.pdr)
 .pdr           0x0000000000000000        0x0 arch/mips32/start.o
 .pdr           0x0000000000000000       0x20 arch/mips32/arch.o
 .pdr           0x0000000000000020       0x20 arch/mips32/page.o
 .pdr           0x0000000000000040       0xa0 arch/mips32/intr.o
 .pdr           0x00000000000000e0       0x80 arch/mips32/exc.o
 .pdr           0x0000000000000160       0x60 kernel/time/time.o
 .pdr           0x00000000000001c0       0x60 kernel/syscall/syscall.o
 .pdr           0x0000000000000220       0x20 kernel/syscall/syscall4.o
 .pdr           0x0000000000000240       0xe0 kernel/driver/ps2.o
 .pdr           0x0000000000000320      0x160 kernel/driver/vga.o
 .pdr           0x0000000000000480       0xa0 kernel/driver/sd.o
 .pdr           0x0000000000000520      0x1a0 kernel/vm/vm.o
 .pdr           0x00000000000006c0        0x0 kernel/vm/tlb.o
 .pdr           0x00000000000006c0       0x40 kernel/fs/fat/dir.o
 .pdr           0x0000000000000700        0x0 kernel/fs/fat/debug.o
 .pdr           0x0000000000000700      0x2a0 kernel/fs/fat/fat.o
 .pdr           0x00000000000009a0       0x80 kernel/fs/fat/usr.o
 .pdr           0x0000000000000a20      0x120 kernel/fs/fat/utils.o
 .pdr           0x0000000000000b40      0x100 kernel/fs/fscache/fscache.o
 .pdr           0x0000000000000c40       0x40 kernel/pc/page.o
 .pdr           0x0000000000000c80        0x0 kernel/pc/switch_ex.o
 .pdr           0x0000000000000c80        0x0 kernel/pc/enter_user_pc.o
 .pdr           0x0000000000000c80      0x540 kernel/pc/pc.o
 .pdr           0x00000000000011c0       0x80 kernel/pc/pid.o
 .pdr           0x0000000000001240       0x80 kernel/lock/lock.o
 .pdr           0x00000000000012c0      0x320 kernel/vfs/vfscache.o
 .pdr           0x00000000000015e0       0x60 kernel/vfs/mount.o
 .pdr           0x0000000000001640      0x1c0 kernel/vfs/fat32.o
 .pdr           0x0000000000001800      0x200 kernel/vfs/ext2.o
 .pdr           0x0000000000001a00      0x220 kernel/vfs/open.o
 .pdr           0x0000000000001c20       0xc0 kernel/vfs/usr.o
 .pdr           0x0000000000001ce0      0x100 kernel/vfs/read_write.o
 .pdr           0x0000000000001de0      0x140 kernel/vfs/utils.o
 .pdr           0x0000000000001f20       0x40 kernel/vfs/vfs.o
 .pdr           0x0000000000001f60      0x240 kernel/mm/myslab.o
 .pdr           0x00000000000021a0      0x1a0 kernel/mm/mybuddy.o
 .pdr           0x0000000000002340      0x140 kernel/mm/mybootmm.o
 .pdr           0x0000000000002480       0x60 kernel/init.o
 .pdr           0x00000000000024e0       0x20 utils/assert.o
 .pdr           0x0000000000002500       0xa0 utils/log.o
 .pdr           0x00000000000025a0      0x140 utils/utils.o
 .pdr           0x00000000000026e0       0x20 usr/exec.o
 .pdr           0x0000000000002700      0x280 usr/myvi.o
 .pdr           0x0000000000002980       0x80 usr/ls.o
 .pdr           0x0000000000002a00       0xe0 usr/ps.o
LOAD arch/mips32/start.o
LOAD arch/mips32/arch.o
LOAD arch/mips32/page.o
LOAD arch/mips32/intr.o
LOAD arch/mips32/exc.o
LOAD kernel/time/time.o
LOAD kernel/syscall/syscall.o
LOAD kernel/syscall/syscall4.o
LOAD kernel/driver/ps2.o
LOAD kernel/driver/vga.o
LOAD kernel/driver/sd.o
LOAD kernel/vm/vm.o
LOAD kernel/vm/tlb.o
LOAD kernel/fs/fat/dir.o
LOAD kernel/fs/fat/debug.o
LOAD kernel/fs/fat/fat.o
LOAD kernel/fs/fat/usr.o
LOAD kernel/fs/fat/utils.o
LOAD kernel/fs/fscache/fscache.o
LOAD kernel/pc/page.o
LOAD kernel/pc/switch_ex.o
LOAD kernel/pc/enter_user_pc.o
LOAD kernel/pc/pc.o
LOAD kernel/pc/pid.o
LOAD kernel/lock/lock.o
LOAD kernel/vfs/vfscache.o
LOAD kernel/vfs/mount.o
LOAD kernel/vfs/fat32.o
LOAD kernel/vfs/ext2.o
LOAD kernel/vfs/open.o
LOAD kernel/vfs/usr.o
LOAD kernel/vfs/read_write.o
LOAD kernel/vfs/utils.o
LOAD kernel/vfs/vfs.o
LOAD kernel/mm/myslab.o
LOAD kernel/mm/mybuddy.o
LOAD kernel/mm/mybootmm.o
LOAD kernel/init.o
LOAD utils/assert.o
LOAD utils/log.o
LOAD utils/utils.o
LOAD usr/exec.o
LOAD usr/myvi.o
LOAD usr/ls.o
LOAD usr/ps.o
OUTPUT(kernel.elf elf32-tradlittlemips)
